\BOOKMARK [1][-]{section.1}{\376\377\000I\000n\000t\000r\000o\000d\000u\000c\000t\000i\000o\000n}{}% 1
\BOOKMARK [2][-]{subsection.1.1}{\376\377\000G\000a\000i\000n\040\023\000r\000i\000s\000k\040\023\000c\000o\000s\000t\000:\000\040\000a\000\040\000q\000u\000a\000d\000r\000a\000t\000i\000c\000\040\000o\000p\000t\000i\000m\000i\000z\000a\000t\000i\000o\000n}{section.1}% 2
\BOOKMARK [2][-]{subsection.1.2}{\376\377\000A\000d\000a\000p\000t\000e\000d\000n\000e\000s\000s\000:\000\040\000t\000h\000e\000\040\000k\000e\000y\000\040\000c\000o\000n\000s\000t\000r\000a\000i\000n\000t\000\040\000w\000h\000e\000n\000\040\000c\000o\000s\000t\000s\000\040\000a\000r\000e\000\040\000n\000o\000n\000-\000l\000o\000c\000a\000l}{section.1}% 3
\BOOKMARK [2][-]{subsection.1.3}{\376\377\000T\000h\000e\000\040\000W\000i\000e\000n\000e\000r\040\023\000H\000o\000p\000f\000\040\000m\000e\000t\000h\000o\000d}{section.1}% 4
\BOOKMARK [2][-]{subsection.1.4}{\376\377\000T\000h\000i\000s\000\040\000p\000a\000p\000e\000r}{section.1}% 5
\BOOKMARK [1][-]{section.2}{\376\377\000T\000h\000e\000\040\000A\000d\000a\000p\000t\000e\000d\000\040\000S\000o\000l\000u\000t\000i\000o\000n\000\040\000f\000o\000r\000\040\000G\000e\000n\000e\000r\000a\000l\000\040\000S\000i\000g\000n\000a\000l\000s}{}% 6
\BOOKMARK [2][-]{subsection.2.1}{\376\377\000S\000e\000t\000u\000p}{section.2}% 7
\BOOKMARK [2][-]{subsection.2.2}{\376\377\000T\000h\000e\000\040\000p\000r\000o\000j\000e\000c\000t\000e\000d\000\040\000i\000n\000v\000e\000r\000s\000e\000\040\000a\000n\000d\000\040\000t\000h\000e\000\040\000g\000e\000n\000e\000r\000a\000l\000\040\000p\000o\000l\000i\000c\000y}{section.2}% 8
\BOOKMARK [1][-]{section.3}{\376\377\000S\000t\000a\000t\000i\000o\000n\000a\000r\000y\000\040\000S\000i\000g\000n\000a\000l\000s\000:\000\040\000t\000h\000e\000\040\000O\000p\000t\000i\000m\000a\000l\000\040\000T\000r\000a\000d\000i\000n\000g\000\040\000F\000i\000l\000t\000e\000r}{}% 9
\BOOKMARK [1][-]{section.4}{\376\377\000T\000w\000o\000\040\000L\000i\000m\000i\000t\000s}{}% 10
\BOOKMARK [1][-]{section.5}{\376\377\000E\000x\000p\000l\000i\000c\000i\000t\000\040\000F\000i\000l\000t\000e\000r\000s\000\040\000a\000n\000d\000\040\000E\000a\000r\000l\000i\000e\000r\000\040\000S\000o\000l\000u\000t\000i\000o\000n\000s}{}% 11
\BOOKMARK [2][-]{subsection.5.1}{\376\377\000E\000x\000p\000o\000n\000e\000n\000t\000i\000a\000l\000\040\000p\000r\000o\000p\000a\000g\000a\000t\000o\000r\000\040\000w\000i\000t\000h\000\040\000r\000i\000s\000k\000:\000\040\000s\000i\000g\000n\000a\000l\000\040\000p\000l\000u\000s\000\040\000o\000n\000e\000\040\000m\000o\000v\000i\000n\000g\000\040\000a\000v\000e\000r\000a\000g\000e}{section.5}% 12
\BOOKMARK [2][-]{subsection.5.2}{\376\377\000T\000e\000m\000p\000o\000r\000a\000r\000y\000\040\000c\000o\000s\000t\000\040\000w\000i\000t\000h\000\040\000r\000i\000s\000k\000:\000\040\000t\000h\000e\000\040\000a\000i\000m\000\040\000p\000o\000r\000t\000f\000o\000l\000i\000o\000\040\000r\000e\000c\000o\000v\000e\000r\000e\000d}{section.5}% 13
\BOOKMARK [2][-]{subsection.5.3}{\376\377\000T\000e\000m\000p\000o\000r\000a\000r\000y\000\040\000p\000l\000u\000s\000\040\000r\000e\000s\000i\000l\000i\000e\000n\000t\000\040\000i\000m\000p\000a\000c\000t\000:\000\040\000N\000e\000u\000m\000a\000n\040\023\000V\000o\000\337\000\040\000i\000n\000\040\000f\000i\000l\000t\000e\000r\000\040\000f\000o\000r\000m}{section.5}% 14
\BOOKMARK [1][-]{section.6}{\376\377\000I\000m\000p\000a\000c\000t\000\040\000S\000u\000r\000f\000i\000n\000g\000\040\000a\000n\000d\000\040\000t\000h\000e\000\040\000R\000a\000t\000e\000\040\000R\000e\000s\000p\000o\000n\000s\000e}{}% 15
\BOOKMARK [2][-]{subsection.6.1}{\376\377\000T\000h\000e\000\040\000r\000e\000s\000p\000o\000n\000s\000e\000\040\000f\000o\000r\000m\000u\000l\000a}{section.6}% 16
\BOOKMARK [2][-]{subsection.6.2}{\376\377\000T\000h\000e\000\040\000i\000m\000p\000a\000c\000t\000-\000s\000u\000r\000f\000i\000n\000g\000\040\000p\000h\000a\000s\000e\000\040\000d\000i\000a\000g\000r\000a\000m}{section.6}% 17
\BOOKMARK [2][-]{subsection.6.3}{\376\377\000N\000u\000m\000e\000r\000i\000c\000a\000l\000\040\000v\000e\000r\000i\000f\000i\000c\000a\000t\000i\000o\000n}{section.6}% 18
\BOOKMARK [1][-]{section.7}{\376\377\000B\000o\000u\000n\000d\000a\000r\000y\000\040\000E\000f\000f\000e\000c\000t\000s\000\040\000a\000n\000d\000\040\000t\000h\000e\000\040\000G\000o\000h\000b\000e\000r\000g\040\023\000K\000r\000e\000i\000n\000\040\000F\000a\000c\000t\000o\000r\000i\000z\000a\000t\000i\000o\000n}{}% 19
\BOOKMARK [1][-]{section.8}{\376\377\000C\000o\000n\000c\000l\000u\000d\000i\000n\000g\000\040\000R\000e\000m\000a\000r\000k\000s}{}% 20
\BOOKMARK [1][-]{appendix.A}{\376\377\000P\000r\000o\000o\000f\000\040\000o\000f\000\040\000L\000e\000m\000m\000a\000\040\0001\000\040\000a\000n\000d\000\040\000T\000h\000e\000o\000r\000e\000m\000\040\0001}{}% 21
\BOOKMARK [1][-]{appendix.B}{\376\377\000P\000r\000o\000o\000f\000\040\000o\000f\000\040\000T\000h\000e\000o\000r\000e\000m\000\040\0002\000\040\000a\000n\000d\000\040\000t\000h\000e\000\040\000O\000U\000\040\000f\000o\000r\000m\000u\000l\000a\000s}{}% 22
\BOOKMARK [1][-]{appendix.C}{\376\377\000P\000r\000o\000o\000f\000\040\000o\000f\000\040\000P\000r\000o\000p\000o\000s\000i\000t\000i\000o\000n\000\040\0001}{}% 23
