\BOOKMARK [1][-]{section.1}{\376\377\000I\000n\000t\000r\000o\000d\000u\000c\000t\000i\000o\000n}{}% 1
\BOOKMARK [2][-]{subsection.1.1}{\376\377\000T\000h\000e\000\040\000g\000a\000i\000n\040\023\000r\000i\000s\000k\040\023\000c\000o\000s\000t\000\040\000p\000r\000o\000b\000l\000e\000m}{section.1}% 2
\BOOKMARK [2][-]{subsection.1.2}{\376\377\000T\000h\000e\000\040\000a\000d\000a\000p\000t\000e\000d\000n\000e\000s\000s\000\040\000c\000o\000n\000s\000t\000r\000a\000i\000n\000t}{section.1}% 3
\BOOKMARK [2][-]{subsection.1.3}{\376\377\000C\000a\000u\000s\000a\000l\000\040\000f\000a\000c\000t\000o\000r\000i\000z\000a\000t\000i\000o\000n}{section.1}% 4
\BOOKMARK [2][-]{subsection.1.4}{\376\377\000R\000e\000l\000a\000t\000i\000o\000n\000\040\000t\000o\000\040\000e\000a\000r\000l\000i\000e\000r\000\040\000w\000o\000r\000k}{section.1}% 5
\BOOKMARK [1][-]{section.2}{\376\377\000T\000h\000e\000\040\000s\000t\000a\000t\000i\000o\000n\000a\000r\000y\000\040\000s\000o\000l\000u\000t\000i\000o\000n}{}% 6
\BOOKMARK [2][-]{subsection.2.1}{\376\377\000F\000a\000c\000t\000o\000r\000i\000z\000a\000t\000i\000o\000n\000\040\000o\000f\000\040\000t\000h\000e\000\040\000f\000r\000i\000c\000t\000i\000o\000n}{section.2}% 7
\BOOKMARK [2][-]{subsection.2.2}{\376\377\000P\000r\000e\000d\000i\000c\000t\000i\000o\000n\000\040\000o\000f\000\040\000t\000h\000e\000\040\000s\000i\000g\000n\000a\000l}{section.2}% 8
\BOOKMARK [2][-]{subsection.2.3}{\376\377\000T\000h\000e\000\040\000t\000r\000a\000d\000i\000n\000g\000\040\000f\000i\000l\000t\000e\000r}{section.2}% 9
\BOOKMARK [1][-]{section.3}{\376\377\000P\000u\000r\000e\000\040\000p\000o\000w\000e\000r\000-\000l\000a\000w\000\040\000i\000m\000p\000a\000c\000t}{}% 10
\BOOKMARK [2][-]{subsection.3.1}{\376\377\000T\000h\000e\000\040\000p\000o\000l\000i\000c\000y\000\040\000i\000s\000\040\000a\000\040\000f\000r\000a\000c\000t\000i\000o\000n\000a\000l\000\040\000d\000e\000r\000i\000v\000a\000t\000i\000v\000e}{section.3}% 11
\BOOKMARK [2][-]{subsection.3.2}{\376\377\000I\000m\000p\000a\000c\000t\000\040\000s\000u\000r\000f\000i\000n\000g}{section.3}% 12
\BOOKMARK [1][-]{section.4}{\376\377\000T\000h\000e\000\040\000f\000i\000n\000i\000t\000e\000-\000h\000o\000r\000i\000z\000o\000n\000\040\000f\000a\000c\000t\000o\000r\000i\000z\000a\000t\000i\000o\000n}{}% 13
\BOOKMARK [2][-]{subsection.4.1}{\376\377\000R\000e\000l\000a\000x\000a\000t\000i\000o\000n\000\040\000t\000o\000\040\000t\000h\000e\000\040\000s\000t\000a\000t\000i\000o\000n\000a\000r\000y\000\040\000f\000i\000l\000t\000e\000r}{section.4}% 14
\BOOKMARK [2][-]{subsection.4.2}{\376\377\000T\000h\000e\000\040\000p\000o\000w\000e\000r\000-\000l\000a\000w\000\040\000f\000a\000c\000t\000o\000r}{section.4}% 15
\BOOKMARK [2][-]{subsection.4.3}{\376\377\000G\000e\000n\000e\000r\000a\000l\000\040\000k\000e\000r\000n\000e\000l\000s}{section.4}% 16
\BOOKMARK [1][-]{section.5}{\376\377\000R\000e\000c\000o\000v\000e\000r\000y\000\040\000o\000f\000\040\000e\000a\000r\000l\000i\000e\000r\000\040\000s\000o\000l\000u\000t\000i\000o\000n\000s}{}% 17
\BOOKMARK [2][-]{subsection.5.1}{\376\377\000S\000t\000a\000t\000i\000o\000n\000a\000r\000y\000\040\000f\000i\000l\000t\000e\000r\000s\000:\000\040\000r\000a\000t\000i\000o\000n\000a\000l\000\040\000f\000r\000i\000c\000t\000i\000o\000n\000s}{section.5}% 18
\BOOKMARK [2][-]{subsection.5.2}{\376\377\000F\000i\000n\000i\000t\000e\000-\000h\000o\000r\000i\000z\000o\000n\000\040\000l\000i\000q\000u\000i\000d\000a\000t\000i\000o\000n\000\040\000p\000r\000o\000f\000i\000l\000e\000s}{section.5}% 19
\BOOKMARK [2][-]{subsection.5.3}{\376\377\000G\000e\000n\000e\000r\000a\000l\000\040\000p\000r\000o\000p\000a\000g\000a\000t\000o\000r\000s}{section.5}% 20
\BOOKMARK [1][-]{section.6}{\376\377\000C\000o\000n\000c\000l\000u\000d\000i\000n\000g\000\040\000r\000e\000m\000a\000r\000k\000s}{}% 21
\BOOKMARK [1][-]{appendix.A}{\376\377\000P\000r\000o\000o\000f\000\040\000o\000f\000\040\000L\000e\000m\000m\000a\000\040\0001\000\040\000a\000n\000d\000\040\000T\000h\000e\000o\000r\000e\000m\000\040\0001}{}% 22
\BOOKMARK [1][-]{appendix.B}{\376\377\000P\000r\000o\000o\000f\000\040\000o\000f\000\040\000T\000h\000e\000o\000r\000e\000m\000\040\0002\000\040\000a\000n\000d\000\040\000t\000h\000e\000\040\000O\000r\000n\000s\000t\000e\000i\000n\040\023\000U\000h\000l\000e\000n\000b\000e\000c\000k\000\040\000f\000o\000r\000m\000u\000l\000a\000s}{}% 23
\BOOKMARK [1][-]{appendix.C}{\376\377\000P\000r\000o\000o\000f\000\040\000o\000f\000\040\000P\000r\000o\000p\000o\000s\000i\000t\000i\000o\000n\000\040\0001}{}% 24
\BOOKMARK [1][-]{appendix.D}{\376\377\000P\000r\000o\000o\000f\000\040\000o\000f\000\040\000P\000r\000o\000p\000o\000s\000i\000t\000i\000o\000n\000\040\0002}{}% 25
