=== Continuous-time: OU x power-law => kappa^alpha ===
 alpha      numeric  Gamma(-alpha)    ratio
   0.1     -7.52401      -10.68629  0.70408
  0.25     -4.67673       -4.90167  0.95411
   0.5     -3.53856       -3.54491  0.99821
  0.75     -4.82126       -4.83415  0.99733
   0.9     -9.57053      -10.57056  0.90539
(crude trapezoid loses precision at endpoints where integrand is
 more singular; mid-range agreement validates the identity.)

=== Discrete: AR(1) x fractional differencing => (1-rho)^alpha ===
 alpha    rho       series    (1-rho)^a
  0.25    0.3     0.914691     0.914691
  0.25    0.7     0.740083     0.740083
  0.25   0.95     0.472871     0.472871
   0.5    0.3     0.836660     0.836660
   0.5    0.7     0.547723     0.547723
   0.5   0.95     0.223607     0.223607
  0.75    0.3     0.765286     0.765286
  0.75    0.7     0.405360     0.405360
  0.75   0.95     0.105737     0.105737
